#
# There is insufficient memory for the Java Runtime Environment to continue.
# Native memory allocation (malloc) failed to allocate 32744 bytes for ChunkPool::allocate
# Possible reasons:
#   The system is out of physical RAM or swap space
#   The process is running with CompressedOops enabled, and the Java Heap may be blocking the growth of the native heap
# Possible solutions:
#   Reduce memory load on the system
#   Increase physical memory or swap space
#   Check if swap backing store is full
#   Decrease Java heap size (-Xmx/-Xms)
#   Decrease number of Java threads
#   Decrease Java thread stack sizes (-Xss)
#   Set larger code cache with -XX:ReservedCodeCacheSize=
#   JVM is running with Unscaled Compressed Oops mode in which the Java heap is
#     placed in the first 4GB address space. The Java Heap base address is the
#     maximum limit for the native heap growth. Please use -XX:HeapBaseMinAddress
#     to set the Java Heap base and to place the Java Heap above 4GB virtual address.
# This output file may be truncated or incomplete.
#
#  Out of Memory Error (allocation.cpp:272), pid=7528, tid=0x00000000000080fc
#
# JRE version: Java(TM) SE Runtime Environment (8.0_231-b11) (build 1.8.0_231-b11)
# Java VM: Java HotSpot(TM) 64-Bit Server VM (25.231-b11 mixed mode windows-amd64 compressed oops)
# Failed to write core dump. Minidumps are not enabled by default on client versions of Windows
#

---------------  T H R E A D  ---------------

Current thread (0x000000001a25b800):  JavaThread "C1 CompilerThread3" daemon [_thread_in_native, id=33020, stack(0x000000001b0b0000,0x000000001b1b0000)]

Stack: [0x000000001b0b0000,0x000000001b1b0000]
[error occurred during error reporting (printing stack bounds), id 0xc0000005]

Native frames: (J=compiled Java code, j=interpreted, Vv=VM code, C=native code)


Current CompileTask:
C1:   4537 3200       3       org.springframework.util.PropertyPlaceholderHelper::parseStringValue (423 bytes)


---------------  P R O C E S S  ---------------

Java Threads: ( => current thread )
  0x000000001e639000 JavaThread "HikariPool-1 connection adder" daemon [_thread_blocked, id=34324, stack(0x00000000202e0000,0x00000000203e0000)]
  0x000000001e63d800 JavaThread "HikariPool-1 housekeeper" daemon [_thread_blocked, id=36668, stack(0x00000000201e0000,0x00000000202e0000)]
  0x000000001e63c000 JavaThread "PostgreSQL-JDBC-SharedTimer-1" daemon [_thread_blocked, id=35072, stack(0x00000000200e0000,0x00000000201e0000)]
  0x000000001c3bc800 JavaThread "mysql-cj-abandoned-connection-cleanup" daemon [_thread_blocked, id=14112, stack(0x000000001bd10000,0x000000001be10000)]
  0x000000001a2de000 JavaThread "Service Thread" daemon [_thread_blocked, id=1964, stack(0x000000001b1b0000,0x000000001b2b0000)]
=>0x000000001a25b800 JavaThread "C1 CompilerThread3" daemon [_thread_in_native, id=33020, stack(0x000000001b0b0000,0x000000001b1b0000)]
  0x000000001a25b000 JavaThread "C2 CompilerThread2" daemon [_thread_blocked, id=34584, stack(0x000000001afb0000,0x000000001b0b0000)]
  0x000000001a258000 JavaThread "C2 CompilerThread1" daemon [_thread_in_native, id=30812, stack(0x000000001aeb0000,0x000000001afb0000)]
  0x000000001a210800 JavaThread "C2 CompilerThread0" daemon [_thread_in_native, id=6288, stack(0x000000001adb0000,0x000000001aeb0000)]
  0x000000001a1f0800 JavaThread "JDWP Command Reader" daemon [_thread_in_native, id=16508, stack(0x000000001acb0000,0x000000001adb0000)]
  0x000000001a1ef800 JavaThread "JDWP Event Helper Thread" daemon [_thread_blocked, id=8308, stack(0x000000001abb0000,0x000000001acb0000)]
  0x000000001a1e4800 JavaThread "JDWP Transport Listener: dt_socket" daemon [_thread_blocked, id=9088, stack(0x000000001aab0000,0x000000001abb0000)]
  0x000000001a1d8800 JavaThread "Attach Listener" daemon [_thread_blocked, id=32664, stack(0x000000001a9b0000,0x000000001aab0000)]
  0x000000001a1d6800 JavaThread "Signal Dispatcher" daemon [_thread_blocked, id=31224, stack(0x000000001a8b0000,0x000000001a9b0000)]
  0x000000000352d000 JavaThread "Finalizer" daemon [_thread_blocked, id=36980, stack(0x000000001a6a0000,0x000000001a7a0000)]
  0x000000001a1c0800 JavaThread "Reference Handler" daemon [_thread_blocked, id=7304, stack(0x000000001a5a0000,0x000000001a6a0000)]
  0x0000000003435800 JavaThread "main" [_thread_in_native, id=27984, stack(0x0000000003170000,0x0000000003270000)]

Other Threads:
  0x00000000183ca000 VMThread [stack: 0x000000001a0a0000,0x000000001a1a0000] [id=1732]
  0x000000001a296800 WatcherThread [stack: 0x000000001b2b0000,0x000000001b3b0000] [id=5504]

VM state:not at safepoint (normal execution)

VM Mutex/Monitor currently owned by a thread: None

heap address: 0x0000000083200000, size: 1998 MB, Compressed Oops mode: 32-bit
Narrow klass base: 0x0000000000000000, Narrow klass shift: 3
Compressed class space size: 1073741824 Address: 0x0000000100000000

Heap:
 PSYoungGen      total 51712K, used 47987K [0x00000000d6600000, 0x00000000db300000, 0x0000000100000000)
  eden space 46592K, 93% used [0x00000000d6600000,0x00000000d9055638,0x00000000d9380000)
  from space 5120K, 90% used [0x00000000dae00000,0x00000000db287630,0x00000000db300000)
  to   space 8192K, 0% used [0x00000000da300000,0x00000000da300000,0x00000000dab00000)
 ParOldGen       total 59904K, used 6729K [0x0000000083200000, 0x0000000086c80000, 0x00000000d6600000)
  object space 59904K, 11% used [0x0000000083200000,0x0000000083892768,0x0000000086c80000)
 Metaspace       used 28563K, capacity 29784K, committed 29952K, reserved 1075200K
  class space    used 3530K, capacity 3780K, committed 3840K, reserved 1048576K

Card table byte_map: [0x00000000128f0000,0x0000000012ce0000] byte_map_base: 0x00000000124d7000

Marking Bits: (ParMarkBitMap*) 0x000000006a696d90
 Begin Bits: [0x0000000013780000, 0x00000000156b8000)
 End Bits:   [0x00000000156b8000, 0x00000000175f0000)

Polling page: 0x0000000001460000

CodeCache: size=245760Kb used=11319Kb max_used=11319Kb free=234440Kb
 bounds [0x0000000003530000, 0x0000000004050000, 0x0000000012530000]
 total_blobs=3605 nmethods=3198 adapters=327
 compilation: enabled

Compilation events (10 events):
Event: 4.515 Thread 0x000000001a25b800 nmethod 3191 0x000000000402e6d0 code [0x000000000402e820, 0x000000000402e930]
Event: 4.527 Thread 0x000000001a25b800 3196       1       java.lang.ThreadLocal::initialValue (2 bytes)
Event: 4.527 Thread 0x000000001a25b800 nmethod 3196 0x000000000402e350 code [0x000000000402e4a0, 0x000000000402e5b0]
Event: 4.527 Thread 0x000000001a25b800 3197       1       java.util.Calendar::getFirstDayOfWeek (5 bytes)
Event: 4.527 Thread 0x000000001a25b800 nmethod 3197 0x0000000004043210 code [0x0000000004043360, 0x0000000004043470]
Event: 4.527 Thread 0x000000001a25b800 3198       1       java.util.Calendar::getMinimalDaysInFirstWeek (5 bytes)
Event: 4.527 Thread 0x000000001a25b800 nmethod 3198 0x00000000040434d0 code [0x0000000004043620, 0x0000000004043730]
Event: 4.532 Thread 0x000000001a25b800 3199       3       org.springframework.beans.factory.support.AbstractBeanDefinition::setBeanClassName (6 bytes)
Event: 4.533 Thread 0x000000001a25b800 nmethod 3199 0x0000000004043790 code [0x00000000040438e0, 0x0000000004043a50]
Event: 4.533 Thread 0x000000001a25b800 3200       3       org.springframework.util.PropertyPlaceholderHelper::parseStringValue (423 bytes)

GC Heap History (10 events):
Event: 1.631 GC heap before
{Heap before GC invocations=3 (full 0):
 PSYoungGen      total 37888K, used 37864K [0x00000000d6600000, 0x00000000d9000000, 0x0000000100000000)
  eden space 32768K, 100% used [0x00000000d6600000,0x00000000d8600000,0x00000000d8600000)
  from space 5120K, 99% used [0x00000000d8b00000,0x00000000d8ffa130,0x00000000d9000000)
  to   space 5120K, 0% used [0x00000000d8600000,0x00000000d8600000,0x00000000d8b00000)
 ParOldGen       total 86016K, used 314K [0x0000000083200000, 0x0000000088600000, 0x00000000d6600000)
  object space 86016K, 0% used [0x0000000083200000,0x000000008324eb18,0x0000000088600000)
 Metaspace       used 15268K, capacity 15948K, committed 16128K, reserved 1062912K
  class space    used 1894K, capacity 2048K, committed 2048K, reserved 1048576K
Event: 1.636 GC heap after
Heap after GC invocations=3 (full 0):
 PSYoungGen      total 37888K, used 5108K [0x00000000d6600000, 0x00000000d9000000, 0x0000000100000000)
  eden space 32768K, 0% used [0x00000000d6600000,0x00000000d6600000,0x00000000d8600000)
  from space 5120K, 99% used [0x00000000d8600000,0x00000000d8afd3e0,0x00000000d8b00000)
  to   space 5120K, 0% used [0x00000000d8b00000,0x00000000d8b00000,0x00000000d9000000)
 ParOldGen       total 86016K, used 1019K [0x0000000083200000, 0x0000000088600000, 0x00000000d6600000)
  object space 86016K, 1% used [0x0000000083200000,0x00000000832fefc0,0x0000000088600000)
 Metaspace       used 15268K, capacity 15948K, committed 16128K, reserved 1062912K
  class space    used 1894K, capacity 2048K, committed 2048K, reserved 1048576K
}
Event: 2.129 GC heap before
{Heap before GC invocations=4 (full 0):
 PSYoungGen      total 37888K, used 37876K [0x00000000d6600000, 0x00000000d9000000, 0x0000000100000000)
  eden space 32768K, 100% used [0x00000000d6600000,0x00000000d8600000,0x00000000d8600000)
  from space 5120K, 99% used [0x00000000d8600000,0x00000000d8afd3e0,0x00000000d8b00000)
  to   space 5120K, 0% used [0x00000000d8b00000,0x00000000d8b00000,0x00000000d9000000)
 ParOldGen       total 86016K, used 1019K [0x0000000083200000, 0x0000000088600000, 0x00000000d6600000)
  object space 86016K, 1% used [0x0000000083200000,0x00000000832fefc0,0x0000000088600000)
 Metaspace       used 18291K, capacity 19186K, committed 19456K, reserved 1067008K
  class space    used 2310K, capacity 2491K, committed 2560K, reserved 1048576K
Event: 2.135 GC heap after
Heap after GC invocations=4 (full 0):
 PSYoungGen      total 37888K, used 5088K [0x00000000d6600000, 0x00000000d9000000, 0x0000000100000000)
  eden space 32768K, 0% used [0x00000000d6600000,0x00000000d6600000,0x00000000d8600000)
  from space 5120K, 99% used [0x00000000d8b00000,0x00000000d8ff8020,0x00000000d9000000)
  to   space 5120K, 0% used [0x00000000d8600000,0x00000000d8600000,0x00000000d8b00000)
 ParOldGen       total 86016K, used 2963K [0x0000000083200000, 0x0000000088600000, 0x00000000d6600000)
  object space 86016K, 3% used [0x0000000083200000,0x00000000834e4d10,0x0000000088600000)
 Metaspace       used 18291K, capacity 19186K, committed 19456K, reserved 1067008K
  class space    used 2310K, capacity 2491K, committed 2560K, reserved 1048576K
}
Event: 2.459 GC heap before
{Heap before GC invocations=5 (full 0):
 PSYoungGen      total 37888K, used 23979K [0x00000000d6600000, 0x00000000d9000000, 0x0000000100000000)
  eden space 32768K, 57% used [0x00000000d6600000,0x00000000d7872f70,0x00000000d8600000)
  from space 5120K, 99% used [0x00000000d8b00000,0x00000000d8ff8020,0x00000000d9000000)
  to   space 5120K, 0% used [0x00000000d8600000,0x00000000d8600000,0x00000000d8b00000)
 ParOldGen       total 86016K, used 2963K [0x0000000083200000, 0x0000000088600000, 0x00000000d6600000)
  object space 86016K, 3% used [0x0000000083200000,0x00000000834e4d10,0x0000000088600000)
 Metaspace       used 20225K, capacity 21114K, committed 21248K, reserved 1067008K
  class space    used 2552K, capacity 2737K, committed 2816K, reserved 1048576K
Event: 2.467 GC heap after
Heap after GC invocations=5 (full 0):
 PSYoungGen      total 37888K, used 5120K [0x00000000d6600000, 0x00000000db600000, 0x0000000100000000)
  eden space 32768K, 0% used [0x00000000d6600000,0x00000000d6600000,0x00000000d8600000)
  from space 5120K, 100% used [0x00000000d8600000,0x00000000d8b00000,0x00000000d8b00000)
  to   space 8192K, 0% used [0x00000000dae00000,0x00000000dae00000,0x00000000db600000)
 ParOldGen       total 86016K, used 4612K [0x0000000083200000, 0x0000000088600000, 0x00000000d6600000)
  object space 86016K, 5% used [0x0000000083200000,0x0000000083681288,0x0000000088600000)
 Metaspace       used 20225K, capacity 21114K, committed 21248K, reserved 1067008K
  class space    used 2552K, capacity 2737K, committed 2816K, reserved 1048576K
}
Event: 2.467 GC heap before
{Heap before GC invocations=6 (full 1):
 PSYoungGen      total 37888K, used 5120K [0x00000000d6600000, 0x00000000db600000, 0x0000000100000000)
  eden space 32768K, 0% used [0x00000000d6600000,0x00000000d6600000,0x00000000d8600000)
  from space 5120K, 100% used [0x00000000d8600000,0x00000000d8b00000,0x00000000d8b00000)
  to   space 8192K, 0% used [0x00000000dae00000,0x00000000dae00000,0x00000000db600000)
 ParOldGen       total 86016K, used 4612K [0x0000000083200000, 0x0000000088600000, 0x00000000d6600000)
  object space 86016K, 5% used [0x0000000083200000,0x0000000083681288,0x0000000088600000)
 Metaspace       used 20225K, capacity 21114K, committed 21248K, reserved 1067008K
  class space    used 2552K, capacity 2737K, committed 2816K, reserved 1048576K
Event: 2.501 GC heap after
Heap after GC invocations=6 (full 1):
 PSYoungGen      total 37888K, used 0K [0x00000000d6600000, 0x00000000db600000, 0x0000000100000000)
  eden space 32768K, 0% used [0x00000000d6600000,0x00000000d6600000,0x00000000d8600000)
  from space 5120K, 0% used [0x00000000d8600000,0x00000000d8600000,0x00000000d8b00000)
  to   space 8192K, 0% used [0x00000000dae00000,0x00000000dae00000,0x00000000db600000)
 ParOldGen       total 59904K, used 6721K [0x0000000083200000, 0x0000000086c80000, 0x00000000d6600000)
  object space 59904K, 11% used [0x0000000083200000,0x0000000083890768,0x0000000086c80000)
 Metaspace       used 20222K, capacity 21106K, committed 21248K, reserved 1067008K
  class space    used 2550K, capacity 2735K, committed 2816K, reserved 1048576K
}
Event: 3.951 GC heap before
{Heap before GC invocations=7 (full 1):
 PSYoungGen      total 37888K, used 32768K [0x00000000d6600000, 0x00000000db600000, 0x0000000100000000)
  eden space 32768K, 100% used [0x00000000d6600000,0x00000000d8600000,0x00000000d8600000)
  from space 5120K, 0% used [0x00000000d8600000,0x00000000d8600000,0x00000000d8b00000)
  to   space 8192K, 0% used [0x00000000dae00000,0x00000000dae00000,0x00000000db600000)
 ParOldGen       total 59904K, used 6721K [0x0000000083200000, 0x0000000086c80000, 0x00000000d6600000)
  object space 59904K, 11% used [0x0000000083200000,0x0000000083890768,0x0000000086c80000)
 Metaspace       used 24255K, capacity 25332K, committed 25600K, reserved 1071104K
  class space    used 3002K, capacity 3222K, committed 3328K, reserved 1048576K
Event: 3.955 GC heap after
Heap after GC invocations=7 (full 1):
 PSYoungGen      total 51712K, used 4637K [0x00000000d6600000, 0x00000000db300000, 0x0000000100000000)
  eden space 46592K, 0% used [0x00000000d6600000,0x00000000d6600000,0x00000000d9380000)
  from space 5120K, 90% used [0x00000000dae00000,0x00000000db287630,0x00000000db300000)
  to   space 8192K, 0% used [0x00000000da300000,0x00000000da300000,0x00000000dab00000)
 ParOldGen       total 59904K, used 6729K [0x0000000083200000, 0x0000000086c80000, 0x00000000d6600000)
  object space 59904K, 11% used [0x0000000083200000,0x0000000083892768,0x0000000086c80000)
 Metaspace       used 24255K, capacity 25332K, committed 25600K, reserved 1071104K
  class space    used 3002K, capacity 3222K, committed 3328K, reserved 1048576K
}

Deoptimization events (10 events):
Event: 3.997 Thread 0x000000001e639000 Uncommon trap: reason=unstable_if action=reinterpret pc=0x0000000003ef072c method=com.sun.crypto.provider.PBKDF2KeyImpl.deriveKey(Ljavax/crypto/Mac;[B[BII)[B @ 172
Event: 4.003 Thread 0x000000001e639000 Uncommon trap: reason=unstable_if action=reinterpret pc=0x0000000003dd9d70 method=java.lang.CharacterDataLatin1.digit(II)I @ 82
Event: 4.197 Thread 0x0000000003435800 Uncommon trap: reason=unstable_if action=reinterpret pc=0x0000000003d76410 method=org.springframework.asm.Type.getArgumentsAndReturnSizes(Ljava/lang/String;)I @ 19
Event: 4.223 Thread 0x0000000003435800 Uncommon trap: reason=unstable_if action=reinterpret pc=0x0000000003f2c5e4 method=java.util.concurrent.ConcurrentHashMap.putVal(Ljava/lang/Object;Ljava/lang/Object;Z)Ljava/lang/Object; @ 331
Event: 4.224 Thread 0x0000000003435800 Uncommon trap: reason=unstable_if action=reinterpret pc=0x0000000003d36a84 method=java.util.concurrent.ConcurrentHashMap.get(Ljava/lang/Object;)Ljava/lang/Object; @ 86
Event: 4.279 Thread 0x0000000003435800 Uncommon trap: reason=bimorphic action=maybe_recompile pc=0x0000000003f3ee88 method=java.security.MessageDigest$Delegate.engineDigest()[B @ 4
Event: 4.316 Thread 0x0000000003435800 Uncommon trap: reason=bimorphic action=maybe_recompile pc=0x0000000003f3ee88 method=java.security.MessageDigest$Delegate.engineDigest()[B @ 4
Event: 4.321 Thread 0x0000000003435800 Uncommon trap: reason=bimorphic action=maybe_recompile pc=0x0000000003f3ee88 method=java.security.MessageDigest$Delegate.engineDigest()[B @ 4
Event: 4.323 Thread 0x0000000003435800 Uncommon trap: reason=bimorphic action=maybe_recompile pc=0x0000000003f3ee88 method=java.security.MessageDigest$Delegate.engineDigest()[B @ 4
Event: 4.533 Thread 0x0000000003435800 Uncommon trap: reason=unstable_if action=reinterpret pc=0x0000000004028f48 method=sun.reflect.annotation.AnnotationInvocationHandler.invoke(Ljava/lang/Object;Ljava/lang/reflect/Method;[Ljava/lang/Object;)Ljava/lang/Object; @ 19

Classes redefined (0 events):
No events

Internal exceptions (10 events):
Event: 4.181 Thread 0x0000000003435800 Exception <a 'java/lang/ClassNotFoundException': org/springframework/boot/autoconfigure/batch/JobLauncherCommandLineRunnerCustomizer> (0x00000000d7e14260) thrown at [C:\re\workspace\8-2-build-windows-amd64-cygwin\jdk8u231\13620\hotspot\src\share\vm\classf
Event: 4.182 Thread 0x0000000003435800 Exception <a 'java/lang/ClassNotFoundException': org/springframework/boot/CommandLineRunnerCustomizer> (0x00000000d7e33518) thrown at [C:\re\workspace\8-2-build-windows-amd64-cygwin\jdk8u231\13620\hotspot\src\share\vm\classfile\systemDictionary.cpp, line 
Event: 4.182 Thread 0x0000000003435800 Exception <a 'java/lang/ClassNotFoundException': org/springframework/core/OrderedCustomizer> (0x00000000d7e40d50) thrown at [C:\re\workspace\8-2-build-windows-amd64-cygwin\jdk8u231\13620\hotspot\src\share\vm\classfile\systemDictionary.cpp, line 210]
Event: 4.183 Thread 0x0000000003435800 Exception <a 'java/lang/ClassNotFoundException': org/springframework/context/ApplicationEventPublisherAwareCustomizer> (0x00000000d7e52e88) thrown at [C:\re\workspace\8-2-build-windows-amd64-cygwin\jdk8u231\13620\hotspot\src\share\vm\classfile\systemDicti
Event: 4.183 Thread 0x0000000003435800 Exception <a 'java/lang/ClassNotFoundException': org/springframework/beans/factory/AwareCustomizer> (0x00000000d7e62630) thrown at [C:\re\workspace\8-2-build-windows-amd64-cygwin\jdk8u231\13620\hotspot\src\share\vm\classfile\systemDictionary.cpp, line 210
Event: 4.393 Thread 0x0000000003435800 Exception <a 'java/lang/NoSuchMethodError': java.lang.Object.lambda$static$0(Ljava/lang/String;Lio/micrometer/core/instrument/Meter$Type;Ljava/lang/String;)Ljava/lang/String;> (0x00000000d897ca78) thrown at [C:\re\workspace\8-2-build-windows-amd64-cygwin\
Event: 4.501 Thread 0x0000000003435800 Exception <a 'java/lang/ClassNotFoundException': java/lang/ObjectCustomizer> (0x00000000d8e1ccf8) thrown at [C:\re\workspace\8-2-build-windows-amd64-cygwin\jdk8u231\13620\hotspot\src\share\vm\classfile\systemDictionary.cpp, line 210]
Event: 4.501 Thread 0x0000000003435800 Exception <a 'java/lang/ClassNotFoundException': org/springframework/batch/repeat/context/SynchronizedAttributeAccessorCustomizer> (0x00000000d8e34408) thrown at [C:\re\workspace\8-2-build-windows-amd64-cygwin\jdk8u231\13620\hotspot\src\share\vm\classfile
Event: 4.502 Thread 0x0000000003435800 Exception <a 'java/lang/ClassNotFoundException': org/springframework/batch/core/scope/context/StepContextCustomizer> (0x00000000d8e4bc08) thrown at [C:\re\workspace\8-2-build-windows-amd64-cygwin\jdk8u231\13620\hotspot\src\share\vm\classfile\systemDiction
Event: 4.503 Thread 0x0000000003435800 Exception <a 'java/lang/ClassNotFoundException': org/springframework/core/AttributeAccessorCustomizer> (0x00000000d8e78630) thrown at [C:\re\workspace\8-2-build-windows-amd64-cygwin\jdk8u231\13620\hotspot\src\share\vm\classfile\systemDictionary.cpp, line 

Events (10 events):
Event: 4.525 loading class io/micrometer/core/instrument/Timer done
Event: 4.526 loading class java/time/Instant$1
Event: 4.527 loading class java/time/Instant$1 done
Event: 4.533 Thread 0x0000000003435800 Uncommon trap: trap_request=0xffffff65 fr.pc=0x0000000004028f48
Event: 4.533 Thread 0x0000000003435800 DEOPT PACKING pc=0x0000000004028f48 sp=0x000000000326cc30
Event: 4.533 Thread 0x0000000003435800 DEOPT UNPACKING pc=0x000000000357583b sp=0x000000000326cc38 mode 2
Event: 4.533 loading class sun/reflect/annotation/AnnotationInvocationHandler$1
Event: 4.533 loading class sun/reflect/annotation/AnnotationInvocationHandler$1 done
Event: 4.533 Thread 0x0000000003435800 DEOPT PACKING pc=0x0000000003f1032c sp=0x000000000326da70
Event: 4.533 Thread 0x0000000003435800 DEOPT UNPACKING pc=0x0000000003577890 sp=0x000000000326da00 mode 1


Dynamic libraries:
0x00007ff666d60000 - 0x00007ff666d97000 	C:\Program Files\Java\jdk-1.8.0_231\bin\java.exe
0x00007ffb4b2f0000 - 0x00007ffb4b4e8000 	C:\Windows\SYSTEM32\ntdll.dll
0x00007ffb4a5d0000 - 0x00007ffb4a692000 	C:\Windows\System32\KERNEL32.DLL
0x00007ffb48d30000 - 0x00007ffb49026000 	C:\Windows\System32\KERNELBASE.dll
0x00007ffb4b060000 - 0x00007ffb4b111000 	C:\Windows\System32\ADVAPI32.dll
0x00007ffb49bb0000 - 0x00007ffb49c4e000 	C:\Windows\System32\msvcrt.dll
0x00007ffb493a0000 - 0x00007ffb4943f000 	C:\Windows\System32\sechost.dll
0x00007ffb4b180000 - 0x00007ffb4b2a3000 	C:\Windows\System32\RPCRT4.dll
0x00007ffb48980000 - 0x00007ffb489a7000 	C:\Windows\System32\bcrypt.dll
0x00007ffb49ef0000 - 0x00007ffb4a08d000 	C:\Windows\System32\USER32.dll
0x00007ffb48ad0000 - 0x00007ffb48af2000 	C:\Windows\System32\win32u.dll
0x00007ffb4a6a0000 - 0x00007ffb4a6cb000 	C:\Windows\System32\GDI32.dll
0x00007ffb489b0000 - 0x00007ffb48ac9000 	C:\Windows\System32\gdi32full.dll
0x00007ffb48b90000 - 0x00007ffb48c2d000 	C:\Windows\System32\msvcp_win.dll
0x00007ffb48c30000 - 0x00007ffb48d30000 	C:\Windows\System32\ucrtbase.dll
0x00007ffb36ea0000 - 0x00007ffb3713a000 	C:\Windows\WinSxS\amd64_microsoft.windows.common-controls_6595b64144ccf1df_6.0.19041.5915_none_60b4b9d171f9c7c7\COMCTL32.dll
0x00007ffb4a090000 - 0x00007ffb4a0bf000 	C:\Windows\System32\IMM32.DLL
0x000000006a720000 - 0x000000006a7f2000 	C:\Program Files\Java\jdk-1.8.0_231\jre\bin\msvcr100.dll
0x0000000069e70000 - 0x000000006a716000 	C:\Program Files\Java\jdk-1.8.0_231\jre\bin\server\jvm.dll
0x00007ffb49ee0000 - 0x00007ffb49ee8000 	C:\Windows\System32\PSAPI.DLL
0x00007ffb40740000 - 0x00007ffb4074a000 	C:\Windows\SYSTEM32\VERSION.dll
0x00007ffb37150000 - 0x00007ffb37177000 	C:\Windows\SYSTEM32\WINMM.dll
0x00007ffb36850000 - 0x00007ffb36859000 	C:\Windows\SYSTEM32\WSOCK32.dll
0x00007ffb4aff0000 - 0x00007ffb4b05b000 	C:\Windows\System32\WS2_32.dll
0x00007ffb42dc0000 - 0x00007ffb42dcf000 	C:\Program Files\Java\jdk-1.8.0_231\jre\bin\verify.dll
0x00007ffb42750000 - 0x00007ffb42779000 	C:\Program Files\Java\jdk-1.8.0_231\jre\bin\java.dll
0x00007ffb42630000 - 0x00007ffb42665000 	C:\Program Files\Java\jdk-1.8.0_231\jre\bin\jdwp.dll
0x00007ffb42c00000 - 0x00007ffb42c08000 	C:\Program Files\Java\jdk-1.8.0_231\jre\bin\npt.dll
0x00007ffb42980000 - 0x00007ffb429a3000 	C:\Program Files\Java\jdk-1.8.0_231\jre\bin\instrument.dll
0x00007ffb42670000 - 0x00007ffb42686000 	C:\Program Files\Java\jdk-1.8.0_231\jre\bin\zip.dll
0x00007ffb49440000 - 0x00007ffb49bae000 	C:\Windows\System32\SHELL32.dll
0x00007ffb469c0000 - 0x00007ffb47164000 	C:\Windows\SYSTEM32\windows.storage.dll
0x00007ffb4a0c0000 - 0x00007ffb4a413000 	C:\Windows\System32\combase.dll
0x00007ffb483b0000 - 0x00007ffb483db000 	C:\Windows\SYSTEM32\Wldp.dll
0x00007ffb4acc0000 - 0x00007ffb4ad8d000 	C:\Windows\System32\OLEAUT32.dll
0x00007ffb4aec0000 - 0x00007ffb4af6d000 	C:\Windows\System32\SHCORE.dll
0x00007ffb4a7f0000 - 0x00007ffb4a84b000 	C:\Windows\System32\shlwapi.dll
0x00007ffb488b0000 - 0x00007ffb488d4000 	C:\Windows\SYSTEM32\profapi.dll
0x00007ffb42a30000 - 0x00007ffb42a39000 	C:\Program Files\Java\jdk-1.8.0_231\jre\bin\dt_socket.dll
0x00007ffb48110000 - 0x00007ffb4817a000 	C:\Windows\system32\mswsock.dll
0x00007ffb429d0000 - 0x00007ffb429dd000 	C:\Program Files\Java\jdk-1.8.0_231\jre\bin\management.dll
0x00007ffb42170000 - 0x00007ffb4218a000 	C:\Program Files\Java\jdk-1.8.0_231\jre\bin\net.dll
0x00007ffb21670000 - 0x00007ffb21687000 	C:\Windows\system32\napinsp.dll
0x00007ffb21650000 - 0x00007ffb2166b000 	C:\Windows\system32\pnrpnsp.dll
0x00007ffb45060000 - 0x00007ffb4507d000 	C:\Windows\system32\wshbth.dll
0x00007ffb44c90000 - 0x00007ffb44cad000 	C:\Windows\system32\NLAapi.dll
0x00007ffb47d80000 - 0x00007ffb47dbb000 	C:\Windows\SYSTEM32\IPHLPAPI.DLL
0x00007ffb47df0000 - 0x00007ffb47eba000 	C:\Windows\SYSTEM32\DNSAPI.dll
0x00007ffb49c50000 - 0x00007ffb49c58000 	C:\Windows\System32\NSI.dll
0x00007ffb21630000 - 0x00007ffb21642000 	C:\Windows\System32\winrnr.dll
0x000000006b850000 - 0x000000006b876000 	C:\Program Files\Bonjour\mdnsNSP.dll
0x00007ffb40750000 - 0x00007ffb4075a000 	C:\Windows\System32\rasadhlp.dll
0x00007ffb3e550000 - 0x00007ffb3e5d0000 	C:\Windows\System32\fwpuclnt.dll
0x00007ffb41c80000 - 0x00007ffb41c92000 	C:\Program Files\Java\jdk-1.8.0_231\jre\bin\nio.dll
0x00007ffb48310000 - 0x00007ffb48328000 	C:\Windows\SYSTEM32\CRYPTSP.dll
0x00007ffb47990000 - 0x00007ffb479c8000 	C:\Windows\system32\rsaenh.dll
0x00007ffb48870000 - 0x00007ffb4889e000 	C:\Windows\SYSTEM32\USERENV.dll
0x00007ffb48b00000 - 0x00007ffb48b82000 	C:\Windows\System32\bcryptprimitives.dll
0x00007ffb48300000 - 0x00007ffb4830c000 	C:\Windows\SYSTEM32\CRYPTBASE.dll
0x00007ffb407b0000 - 0x00007ffb407c7000 	C:\Windows\SYSTEM32\dhcpcsvc6.DLL
0x00007ffb41f20000 - 0x00007ffb41f3d000 	C:\Windows\SYSTEM32\dhcpcsvc.DLL
0x00007ffb42250000 - 0x00007ffb42274000 	C:\Program Files\Java\jdk-1.8.0_231\jre\bin\sunec.dll

VM Arguments:
jvm_args: -agentlib:jdwp=transport=dt_socket,address=127.0.0.1:50545,suspend=y,server=n -javaagent:C:\Users\Wellington\AppData\Local\JetBrains\IdeaIC2021.3\captureAgent\debugger-agent.jar -Dfile.encoding=UTF-8 
java_command: com.springbatch.arquivomultiplosformatos.ArquivoMultiplosFormatosJobApplication arquivoClientes=file:files/clientes.txt
java_class_path (initial): C:\Program Files\Java\jdk-1.8.0_231\jre\lib\charsets.jar;C:\Program Files\Java\jdk-1.8.0_231\jre\lib\deploy.jar;C:\Program Files\Java\jdk-1.8.0_231\jre\lib\ext\access-bridge-64.jar;C:\Program Files\Java\jdk-1.8.0_231\jre\lib\ext\cldrdata.jar;C:\Program Files\Java\jdk-1.8.0_231\jre\lib\ext\dnsns.jar;C:\Program Files\Java\jdk-1.8.0_231\jre\lib\ext\jaccess.jar;C:\Program Files\Java\jdk-1.8.0_231\jre\lib\ext\jfxrt.jar;C:\Program Files\Java\jdk-1.8.0_231\jre\lib\ext\localedata.jar;C:\Program Files\Java\jdk-1.8.0_231\jre\lib\ext\nashorn.jar;C:\Program Files\Java\jdk-1.8.0_231\jre\lib\ext\sunec.jar;C:\Program Files\Java\jdk-1.8.0_231\jre\lib\ext\sunjce_provider.jar;C:\Program Files\Java\jdk-1.8.0_231\jre\lib\ext\sunmscapi.jar;C:\Program Files\Java\jdk-1.8.0_231\jre\lib\ext\sunpkcs11.jar;C:\Program Files\Java\jdk-1.8.0_231\jre\lib\ext\zipfs.jar;C:\Program Files\Java\jdk-1.8.0_231\jre\lib\javaws.jar;C:\Program Files\Java\jdk-1.8.0_231\jre\lib\jce.jar;C:\Program Files\Java\jdk-1.8.0_231\jre\lib\jfr.jar;C:\Program Files\Java\jdk-1.8.0_231\jre\lib\jfxswt.jar;C:\Program Files\Java\jdk-1.8.0_231\jre\lib\jsse.jar;C:\Program Files\Java\jdk-1.8.0_231\jre\lib\management-agent.jar;C:\Program Files\Java\jdk-1.8.0_231\jre\lib\plugin.jar;C:\Program Files\Java\jdk-1.8.0_231\jre\lib\resources.jar;C:\Program Files\Java\jdk-1.8.0_231\jre\lib\rt.jar;C:\Users\Wellington\Documents\Cursos\Udemy\Udemy-Courses\08.2025_Spring_Batch\ArquivoMultiplosFormatosJob\target\classes;C:\Users\Wellington\.m2\repository\org\springframework\boot\spring-boot-starter-batch\2.2.6.RELEASE\spring-boot-starter-batch-2.2.6.RELEASE.jar;C:\Users\Wellington\.m2\repository\org\springframework\boot\spring-boot-starter\2.2.6.RELEASE\spring-boot-starter-2.2.6.RELEASE.jar;C:\Users\Wellington\.m2\repository\org\springframework\boot\spring-boot\2.2.6.RELEASE\spring-boot-2.2.6.RELEASE.jar;C:\Users\Wellington\.m2\repository\org\springframework\boot\spring-boot-autoconfigure\2.2.6.RELEASE\spring-boot-a
Launcher Type: SUN_STANDARD

Environment Variables:
PATH=C:\Windows\system32;C:\Windows;C:\Windows\System32\Wbem;C:\Windows\System32\WindowsPowerShell\v1.0\;C:\Windows\System32\OpenSSH\;C:\Program Files\Git\cmd;C:\Users\Wellington\AppData\Roaming\nvm;C:\Program Files\nodejs;C:\Program Files\Apache\apache-maven-3.6.3\bin;C:\Program Files\Java\jdk-11.0.15\bin;C:\Android\tools;C:\Android\tools\bin;C:\Android\platform-tools;C:\Android\build-tools\19.1.0;C:\Gradle\gradle-4.5\bin;C:\Program Files\MongoDB\Server\3.6\bin;C:\ProgramData\chocolatey\bin;C:\kubectl;C:\Program Files\Kubernetes\Minikube;C:\Users\Wellington\AppData\Local\Microsoft\WindowsApps;C:\Users\Wellington\AppData\Roaming\nvm;C:\Program Files\nodejs;C:\Users\Wellington\AppData\Local\Programs\Microsoft VS Code\bin;C:\Program Files\heroku\bin
USERNAME=Wellington
OS=Windows_NT
PROCESSOR_IDENTIFIER=Intel64 Family 6 Model 140 Stepping 1, GenuineIntel



---------------  S Y S T E M  ---------------

OS: Windows 10.0 , 64 bit Build 19041 (10.0.19041.5915)

CPU:total 8 (initial active 8) (4 cores per cpu, 2 threads per core) family 6 model 140 stepping 1, cmov, cx8, fxsr, mmx, sse, sse2, sse3, ssse3, sse4.1, sse4.2, popcnt, avx, avx2, aes, clmul, erms, 3dnowpref, lzcnt, ht, tsc, tscinvbit, bmi1, bmi2, adx

Memory: 4k page, physical 8183096k(508560k free), swap 33348920k(3136k free)

vm_info: Java HotSpot(TM) 64-Bit Server VM (25.231-b11) for windows-amd64 JRE (1.8.0_231-b11), built on Oct  5 2019 03:11:30 by "java_re" with MS VC++ 10.0 (VS2010)

time: Tue Sep 02 21:05:04 2025
timezone: Hora oficial do Brasil
elapsed time: 4 seconds (0d 0h 0m 4s)

